In [1]: import numpy as np
 	import matplotlib.pyplot as plt
 	import pandas as pd

In [4]:dataset = pd.read_csv(r"D:\College\TE\SEM-2\Practical\DSBDA\5\Social_Network_Ads.csv")

In [5]: dataset.head()

In [6]: dataset.info()

In [7]:  dataset.isnull().sum()

In [8]:  dataset.shape

In [10]:  x = dataset.iloc[:, [2, 3]].values
 	  y = dataset.iloc[:, 4].values

In [11]: print(x)

In [12]:from sklearn.model_selection import train_test_split
        x_train, x_test, y_train, y_test = train_test_split(x, y, test_size = 0.30, random_state = 0)

In [13]:from sklearn.preprocessing import StandardScaler
 	sc = StandardScaler()
 	x_train = sc.fit_transform(x_train)
 	x_test = sc.transform(x_test)

In [14]: from sklearn.linear_model import LogisticRegression
 	 classifier = LogisticRegression(random_state = 0)
 	 classifier.fit(x_train, y_train)

In [15]:  y_pred = classifier.predict(x_test)

In [16]: print(y_pred)
In [17]: print(y_test)
In [18]:from sklearn.metrics import confusion_matrix
 	cm = confusion_matrix(y_test, y_pred)
 	print(cm)

In [19]:Accuracy=(74+31)/120
 	Accuracy

In [20]: Error_rate=(5+10)/120
 	 Error_rate
In [21]: from sklearn.metrics import precision_score, recall_score
 	 precision_score(y_test, y_pred)
In [22]: recall_score(y_test, y_pred)
In [23]: from sklearn.metrics import f1_score
 	 f1_score(y_test, y_pred)